// Jest Snapshot v1, https://goo.gl/fbAQLP

exports[`<Clock /> should render all elements 1`] = `
ShallowWrapper {
  Symbol(enzyme.__root__): [Circular],
  Symbol(enzyme.__unrendered__): <TimeClock
    UtcOffSet={60}
/>,
  Symbol(enzyme.__renderer__): Object {
    "batchedUpdates": [Function],
    "getNode": [Function],
    "render": [Function],
    "simulateEvent": [Function],
    "unmount": [Function],
  },
  Symbol(enzyme.__node__): Object {
    "instance": null,
    "key": undefined,
    "nodeType": "host",
    "props": Object {
      "children": Array [
        <p>
          <i>
                    Local Time:
          </i>
</p>,
        <p>
          Friday
</p>,
        <p>
          24th August
           
          2018
           
          1:21 am
</p>,
      ],
    },
    "ref": null,
    "rendered": Array [
      Object {
        "instance": null,
        "key": undefined,
        "nodeType": "host",
        "props": Object {
          "children": <i>
            Local Time:
</i>,
        },
        "ref": null,
        "rendered": Object {
          "instance": null,
          "key": undefined,
          "nodeType": "host",
          "props": Object {
            "children": "Local Time:",
          },
          "ref": null,
          "rendered": "Local Time:",
          "type": "i",
        },
        "type": "p",
      },
      Object {
        "instance": null,
        "key": undefined,
        "nodeType": "host",
        "props": Object {
          "children": "Friday",
        },
        "ref": null,
        "rendered": "Friday",
        "type": "p",
      },
      Object {
        "instance": null,
        "key": undefined,
        "nodeType": "host",
        "props": Object {
          "children": Array [
            "24th August",
            " ",
            "2018",
            " ",
            "1:21 am",
          ],
        },
        "ref": null,
        "rendered": Array [
          "24th August",
          " ",
          "2018",
          " ",
          "1:21 am",
        ],
        "type": "p",
      },
    ],
    "type": "div",
  },
  Symbol(enzyme.__nodes__): Array [
    Object {
      "instance": null,
      "key": undefined,
      "nodeType": "host",
      "props": Object {
        "children": Array [
          <p>
            <i>
                        Local Time:
            </i>
</p>,
          <p>
            Friday
</p>,
          <p>
            24th August
             
            2018
             
            1:21 am
</p>,
        ],
      },
      "ref": null,
      "rendered": Array [
        Object {
          "instance": null,
          "key": undefined,
          "nodeType": "host",
          "props": Object {
            "children": <i>
              Local Time:
</i>,
          },
          "ref": null,
          "rendered": Object {
            "instance": null,
            "key": undefined,
            "nodeType": "host",
            "props": Object {
              "children": "Local Time:",
            },
            "ref": null,
            "rendered": "Local Time:",
            "type": "i",
          },
          "type": "p",
        },
        Object {
          "instance": null,
          "key": undefined,
          "nodeType": "host",
          "props": Object {
            "children": "Friday",
          },
          "ref": null,
          "rendered": "Friday",
          "type": "p",
        },
        Object {
          "instance": null,
          "key": undefined,
          "nodeType": "host",
          "props": Object {
            "children": Array [
              "24th August",
              " ",
              "2018",
              " ",
              "1:21 am",
            ],
          },
          "ref": null,
          "rendered": Array [
            "24th August",
            " ",
            "2018",
            " ",
            "1:21 am",
          ],
          "type": "p",
        },
      ],
      "type": "div",
    },
  ],
  Symbol(enzyme.__options__): Object {
    "adapter": ReactSixteenAdapter {
      "options": Object {
        "enableComponentDidUpdateOnSetState": true,
        "lifecycles": Object {
          "componentDidUpdate": Object {
            "onSetState": true,
          },
          "getSnapshotBeforeUpdate": true,
        },
      },
    },
    "attachTo": undefined,
    "hydrateIn": undefined,
  },
}
`;
